mode: set
calc/calc.go:3.24,5.2 1 1
calc/calc.go:7.24,9.2 1 1
calc/calc.go:11.24,12.12 1 1
calc/calc.go:15.2,15.14 1 1
calc/calc.go:12.12,14.3 1 1
